// Jest Snapshot v1, https://goo.gl/fbAQLP

exports[`myy-form form-snapshot 1`] = `<form />`;
